=== Launching Independent Verification Test Suite ===
Warning: question_3_tlg/adae.csv not found. Synthesizing data scope for validation.

--- Executing Query 1: Severity Evaluation ---

[User Question]: 'Give me the subjects who had Adverse events of Moderate severity.'
[AI Routing Parsing]: Column Maps to -> 'AESEV' | Value -> 'MODERATE'
[Execution Results]: Unique Subject Count = 2
[Matching Subject IDs]: ['CDISCPILOT01-1002', 'CDISCPILOT01-1005']
----------------------------------------------------------------------

--- Executing Query 2: Condition Mapping ---

[User Question]: 'Identify all patients who experienced a Headache condition.'
[AI Routing Parsing]: Column Maps to -> 'AETERM' | Value -> 'HEADACHE'
[Execution Results]: Unique Subject Count = 1
[Matching Subject IDs]: ['CDISCPILOT01-1001']
----------------------------------------------------------------------

--- Executing Query 3: System Organ Class Analysis ---

[User Question]: 'List subjects with issues located in the Skin body system.'
[AI Routing Parsing]: Column Maps to -> 'AESOC' | Value -> 'SKIN'
[Execution Results]: Unique Subject Count = 2
[Matching Subject IDs]: ['CDISCPILOT01-1002', 'CDISCPILOT01-1005']
----------------------------------------------------------------------

=== Verification Test Suite Completed Successfully ===
